// Jest Snapshot v1, https://goo.gl/fbAQLP

exports[`Component Testing matches snapshot 1`] = `
<footer
  className="footer"
>
  <h2
    className="footer__title"
  >
    Contact
  </h2>
  <p
    className="footer__subtitle"
  >
    Have a question or want us to work together?
  </p>
  <form
    action="#"
    className="footer-form"
    data-netlify="true"
    method="post"
    name="contact"
    onSubmit={[Function]}
  >
    <input
      className="footer-form__input"
      id="name"
      name="name"
      onChange={[Function]}
      placeholder="Name"
      type="text"
      value=""
    />
    <input
      className="footer-form__input"
      id="email"
      name="email"
      onChange={[Function]}
      placeholder="Email address"
      type="email"
      value=""
    />
    <textarea
      className="footer-form__input footer-form__textarea"
      id="message"
      name="message"
      onChange={[Function]}
      placeholder="Your message"
      value=""
    />
    <button
      className="footer-form__button"
      type="submit"
    >
      Submit
    </button>
  </form>
  <div
    className="footer__base"
  >
    <button
      className="footer-base__scroll-to"
      onClick={[Function]}
      title="Click to scroll to the top"
    >
      <i
        className="ti-angle-double-up"
      />
    </button>
    <p
      className="copyright"
    >
      Kwakye-Gyamfi Kenneth Â© 2019
    </p>
    <p
      className="footer-base__github"
    >
      View this project on
       
      <a
        href="https://www.github.com/cr05s19xx/cross-site"
      >
        <i
          className="ti-github"
        />
        <span>
          Github
        </span>
      </a>
    </p>
  </div>
</footer>
`;
